INFO    : Building target web
INFO    : XSL conversion of /Users/tbury/Documents/teaching/math7b-pretext/source/main.ptx by /Users/tbury/.ptx/2.51.0/core/xsl/utilities/pretext-enhanced-source.xsl
INFO    : successful application of /Users/tbury/.ptx/2.51.0/core/xsl/utilities/pretext-enhanced-source.xsl
INFO    : discovering source file's directory name: /Users/tbury/Documents/teaching/math7b-pretext/source
INFO    : verifying and expanding input directory: /Users/tbury/Documents/teaching/math7b-pretext/source/../assets
INFO    : input directory expanded to absolute path: /Users/tbury/Documents/teaching/math7b-pretext/assets
INFO    : Generating any needed assets.
INFO    : Finished generating assets.

INFO    : Preparing to build into /Users/tbury/Documents/teaching/math7b-pretext/output/web.
INFO    : discovering source file's directory name: /Users/tbury/Documents/teaching/math7b-pretext/source
INFO    : verifying and expanding input directory: /Users/tbury/Documents/teaching/math7b-pretext/source/../assets
INFO    : input directory expanded to absolute path: /Users/tbury/Documents/teaching/math7b-pretext/assets
INFO    : discovering source file's directory name: /Users/tbury/Documents/teaching/math7b-pretext/source
INFO    : XSL conversion of /Users/tbury/Documents/teaching/math7b-pretext/source/main.ptx by /Users/tbury/.ptx/2.51.0/core/xsl/utilities/report-publisher-variables.xsl
INFO    : successful application of /Users/tbury/.ptx/2.51.0/core/xsl/utilities/report-publisher-variables.xsl
INFO    : Downloading rs services file from https://runestone.academy/cdn/runestone/latest/webpack_static_imports.xml.
INFO    : Runestone Services via online CDN query: version 8.2.9
INFO    : Downloading Runestone Services, version 8.2.9
INFO    : Extracting Runestone Services from archive file
INFO    : Building custom css theme: theme-default-modern
INFO    : converting /Users/tbury/Documents/teaching/math7b-pretext/source/main.ptx to HTML in /var/folders/vn/0kct9djn5576t39tvs9vfhcc0000gn/T/ptx-gfuhwyll
INFO    : XSL conversion of /Users/tbury/Documents/teaching/math7b-pretext/source/main.ptx by /Users/tbury/.ptx/2.51.0/core/xsl/pretext-html.xsl
INFO    : messages from the log for XSL processing (prefaced with a *):
ERROR   : * PTX:ERROR: the @xml:id value "ch-definite-integrals" should be unique, but is authored multiple times.
INFO    : *            Results will be unpredictable, and likely incorrect.  Information on the locations follows:
INFO    : *              located at: pretext/book/chapter
INFO    : *              located within: "ch-definite-integrals" (xml:id), "Definite Integrals" (title)
INFO    : *              located at: pretext/book/chapter
INFO    : *              located within: "ch-definite-integrals" (xml:id), "Definite Integrals" (title)
INFO    : *              located at: pretext/book/chapter
INFO    : *              located within: "ch-definite-integrals" (xml:id), "Definite Integrals" (title)
INFO    : *              located at: pretext/book/chapter
INFO    : *              located within: "ch-definite-integrals" (xml:id), "Definite Integrals" (title)
INFO    : *              located at: pretext/book/chapter
INFO    : *              located within: "ch-definite-integrals" (xml:id), "Definite Integrals" (title)
INFO    : *              located at: pretext/book/chapter
INFO    : *              located within: "ch-definite-integrals" (xml:id), "Definite Integrals" (title)
ERROR   : * PTX:ERROR: the @xml:id value "sec-definite-integrals-intro" should be unique, but is authored multiple times.
INFO    : *            Results will be unpredictable, and likely incorrect.  Information on the locations follows:
INFO    : *              located at: pretext/book/chapter/section
INFO    : *              located within: "sec-definite-integrals-intro" (xml:id), "Definite Integrals" (title)
INFO    : *              located at: pretext/book/chapter/section
INFO    : *              located within: "sec-definite-integrals-intro" (xml:id), "Definite Integrals" (title)
INFO    : *              located at: pretext/book/chapter/section
INFO    : *              located within: "sec-definite-integrals-intro" (xml:id), "Definite Integrals" (title)
INFO    : *              located at: pretext/book/chapter/section
INFO    : *              located within: "sec-definite-integrals-intro" (xml:id), "Definite Integrals" (title)
INFO    : *              located at: pretext/book/chapter/section
INFO    : *              located within: "sec-definite-integrals-intro" (xml:id), "Definite Integrals" (title)
INFO    : *              located at: pretext/book/chapter/section
INFO    : *              located within: "sec-definite-integrals-intro" (xml:id), "Definite Integrals" (title)
INFO    : * PTX:INFO:   checking all deprecated elements.
INFO    : successful application of /Users/tbury/.ptx/2.51.0/core/xsl/pretext-html.xsl
INFO    : Removing temporary directory /var/folders/vn/0kct9djn5576t39tvs9vfhcc0000gn/T/ptx-gfuhwyll
INFO    : Removing temporary directory /var/folders/vn/0kct9djn5576t39tvs9vfhcc0000gn/T/ptx-sc9vr6qz
INFO    : 
Finished build for target web. Run `pretext view web` to see the results.

FATAL   : There were errors during the build.  See above.
INFO    : ------------------------
exit    : Failed to build without errors.  Exiting...
INFO    : 
----------------------------------------------------
INFO    : While running pretext, the following errors occurred:

INFO    : (see log messages above or in the 'logs' folder for more information)
INFO    : ----------------------------------------------------
