INFO    : Building target web
INFO    : XSL conversion of /Users/tbury/Documents/teaching/math7b-pretext/source/main.ptx by /Users/tbury/.ptx/2.51.0/core/xsl/utilities/pretext-enhanced-source.xsl
INFO    : successful application of /Users/tbury/.ptx/2.51.0/core/xsl/utilities/pretext-enhanced-source.xsl
INFO    : discovering source file's directory name: /Users/tbury/Documents/teaching/math7b-pretext/source
INFO    : verifying and expanding input directory: /Users/tbury/Documents/teaching/math7b-pretext/source/../assets
INFO    : input directory expanded to absolute path: /Users/tbury/Documents/teaching/math7b-pretext/assets
INFO    : Generating any needed assets.
INFO    : Finished generating assets.

INFO    : Preparing to build into /Users/tbury/Documents/teaching/math7b-pretext/output/web.
INFO    : discovering source file's directory name: /Users/tbury/Documents/teaching/math7b-pretext/source
INFO    : verifying and expanding input directory: /Users/tbury/Documents/teaching/math7b-pretext/source/../assets
INFO    : input directory expanded to absolute path: /Users/tbury/Documents/teaching/math7b-pretext/assets
INFO    : discovering source file's directory name: /Users/tbury/Documents/teaching/math7b-pretext/source
INFO    : XSL conversion of /Users/tbury/Documents/teaching/math7b-pretext/source/main.ptx by /Users/tbury/.ptx/2.51.0/core/xsl/utilities/report-publisher-variables.xsl
INFO    : successful application of /Users/tbury/.ptx/2.51.0/core/xsl/utilities/report-publisher-variables.xsl
INFO    : Downloading rs services file from https://runestone.academy/cdn/runestone/latest/webpack_static_imports.xml.
INFO    : Runestone Services via online CDN query: version 8.2.9
INFO    : Downloading Runestone Services, version 8.2.9
INFO    : Extracting Runestone Services from archive file
INFO    : Building custom css theme: theme-default-modern
INFO    : converting /Users/tbury/Documents/teaching/math7b-pretext/source/main.ptx to HTML in /var/folders/vn/0kct9djn5576t39tvs9vfhcc0000gn/T/ptx-cm_vaog1
INFO    : XSL conversion of /Users/tbury/Documents/teaching/math7b-pretext/source/main.ptx by /Users/tbury/.ptx/2.51.0/core/xsl/pretext-html.xsl
INFO    : messages from the log for XSL processing (prefaced with a *):
INFO    : * PTX:INFO:   checking all deprecated elements.
WARNING : * PTX:DEPRECATE: (2026-05-11) the "me" and "men" elements have been deprecated.  The replacement is an "md" with no "mrow" children, and numbering is controlled by the "@number" attribute, or a global setting in "docinfo". (46 times)
INFO    : *              located at: pretext/book/chapter/section/definition/statement/me
INFO    : *              located within: "def-antiderivative" (xml:id), "Antiderivative" (title)
INFO    : *              located at: pretext/book/chapter/section/example/solution/me
INFO    : *              located within: "ex-antiderivative-x2" (xml:id), "An antiderivative of x^2" (title)
INFO    : *              located at: pretext/book/chapter/section/example/solution/me
INFO    : *              located within: "ex-antiderivative-x2" (xml:id), "An antiderivative of x^2" (title)
INFO    : *              located at: pretext/book/chapter/section/example/solution/me
INFO    : *              located within: "ex-antiderivative-x2" (xml:id), "An antiderivative of x^2" (title)
INFO    : *              located at: pretext/book/chapter/section/example/solution/me
INFO    : *              located within: "ex-antiderivative-x2" (xml:id), "An antiderivative of x^2" (title)
INFO    : *              located at: pretext/book/chapter/section/example/statement/me
INFO    : *              located within: "ex-general-antiderivative" (xml:id), "Finding a general antiderivative" (title)
INFO    : *              located at: pretext/book/chapter/section/example/solution/me
INFO    : *              located within: "ex-general-antiderivative" (xml:id), "Finding a general antiderivative" (title)
INFO    : *              located at: pretext/book/chapter/section/example/solution/me
INFO    : *              located within: "ex-general-antiderivative" (xml:id), "Finding a general antiderivative" (title)
INFO    : * --------------
INFO    : successful application of /Users/tbury/.ptx/2.51.0/core/xsl/pretext-html.xsl
INFO    : Removing temporary directory /var/folders/vn/0kct9djn5576t39tvs9vfhcc0000gn/T/ptx-cm_vaog1
INFO    : Removing temporary directory /var/folders/vn/0kct9djn5576t39tvs9vfhcc0000gn/T/ptx-ybv8wps2
INFO    : 
Finished build for target web. Run `pretext view web` to see the results.

INFO    : 
Success!  Built requested target(s) without errors.

INFO    : 
